****************************************
Report : report clock qor
        -type area
Design : riscv_core
Version: O-2018.06-SP1
Date   : Wed Apr 24 15:38:30 2024
****************************************


==========================
==== Area (per clock) ====
==========================

Clock                                 Sinks          Clock          Clock          Clock          Clock          Sinks           Sink
                                 (balanced)     Cell Count        Stdcell       Repeater       Repeater     (physical)        Stdcell          Macro
                                                (non sink)           Area          Count           Area                          Area           Area
------------------------------------------------------------------------------------------------------------------------------------------------------
### Mode: func
CLK_I                                  2199             58          24.95             55          22.69           2199        2929.33           0.00

### Mode: test
SCAN_CLK                               2199             60          25.40             57          23.13           2199        2929.33           0.00
------------------------------------------------------------------------------------------------------------------------------------------------------
Total                                  2199             60          25.40             57          23.13           2199        2929.33           0.00

Type                               Instance           Unit          Total           Cell             Vt             Vt
                                      Count           Area           Area           Type          Group           Type


=================================
==== Area (per library cell) ====
=================================

===== Summary =====
Type                               Instance           Unit          Total           Cell             Vt             Vt
                                      Count           Area           Area           Type          Group           Type
------------------------------------------------------------------------------------------------------------------------
Clock Repeaters                          57              -          23.13              -              -              -
Other Network Cells                       3              -           2.26              -              -              -
Standard Cell Sinks                    2199              -        2929.33              -              -              -
Macro Cells                               0              -           0.00              -              -              -

===== Clock Repeaters =====
Type                               Instance           Unit          Total           Cell             Vt             Vt
                                      Count           Area           Area           Type          Group           Type
------------------------------------------------------------------------------------------------------------------------
SAEDRVT14_INV_S_2                         3           0.22           0.67       Inverter              -              -
SAEDRVT14_INV_S_3                         1           0.31           0.31       Inverter              -              -
SAEDRVT14_INV_S_4                        10           0.31           3.11       Inverter              -              -
SAEDRVT14_INV_S_6                        22           0.40           8.79       Inverter              -              -
SAEDRVT14_INV_S_8                        21           0.49          10.26       Inverter              -              -
------------------------------------------------------------------------------------------------------------------------
Total                                    57              -          23.13              -              -              -

===== Other Network Cells =====
Type                               Instance           Unit          Total           Cell             Vt             Vt
                                      Count           Area           Area           Type          Group           Type
------------------------------------------------------------------------------------------------------------------------
SAEDRVT14_CKGTPLT_V5_4                    1           1.02           1.02            ICG              -              -
SAEDRVT14_MUX2_2                          2           0.62           1.24            Mux              -              -
------------------------------------------------------------------------------------------------------------------------
Total                                     3              -           2.26              -              -              -

===== Standard Cell Sinks =====
Type                               Instance           Unit          Total           Cell             Vt             Vt
                                      Count           Area           Area           Type          Group           Type
------------------------------------------------------------------------------------------------------------------------
SAEDRVT14_FSDPQ_V2LP_2                    1           1.15           1.15           Flop              -              -
SAEDRVT14_FSDPRBQ_V2LP_2               2188           1.33        2914.42           Flop              -              -
SAEDRVT14_FSDPSBQ_V2LP_2                 10           1.38          13.76           Flop              -              -
------------------------------------------------------------------------------------------------------------------------
Total                                  2199              -        2929.33              -              -              -

===== Macro Cells =====
Type                               Instance           Unit          Total           Cell             Vt             Vt
                                      Count           Area           Area           Type          Group           Type
------------------------------------------------------------------------------------------------------------------------
------------------------------------------------------------------------------------------------------------------------
Total                                     0              -           0.00              -              -              -



==============================
==== Area (per hierarchy) ====
==============================

Hierarchy                             Sinks          Clock          Clock          Clock          Clock          Sinks           Sink
                                 (balanced)     Cell Count        Stdcell       Repeater       Repeater     (physical)        Stdcell          Macro
                                                (non sink)           Area          Count           Area                          Area           Area
------------------------------------------------------------------------------------------------------------------------------------------------------
riscv_core                             2199             60          25.40             57          23.13           2199        2929.33           0.00
------------------------------------------------------------------------------------------------------------------------------------------------------
Total                                  2199             60          25.40             57          23.13           2199        2929.33           0.00

1
