****************************************
Report : qor
Design : riscv_core
Version: O-2018.06-SP1
Date   : Tue Apr 23 16:11:56 2024
****************************************
Information: The stitching and editing of coupling caps is turned OFF for design 'riscv_core:riscv_core.design'. (TIM-125)
Information: Design riscv_core has 29828 nets, 0 global routed, 26573 detail routed. (NEX-024)
Warning: Technology layer 'M4' setting 'pitch' is not valid (NEX-001)
Warning: Technology layer 'MRDL' setting 'pitch' is not valid (NEX-001)
Warning: Parasitic Tech Library layer 'M1' parameter 'SMIN' = 0.040 does not match 0.026 of technology file (NEX-007)
Warning: Parasitic Tech Library layer 'M2' parameter 'SMIN' = 0.040 does not match 0.026 of technology file (NEX-007)
Warning: Parasitic Tech Library layer 'M3' parameter 'SMIN' = 0.040 does not match 0.026 of technology file (NEX-007)
Warning: Parasitic Tech Library layer 'M1' parameter 'SMIN' = 0.040 does not match 0.026 of technology file (NEX-007)
Warning: Parasitic Tech Library layer 'M2' parameter 'SMIN' = 0.040 does not match 0.026 of technology file (NEX-007)
Warning: Parasitic Tech Library layer 'M3' parameter 'SMIN' = 0.040 does not match 0.026 of technology file (NEX-007)
Warning: Parasitic Tech Library layer 'M8' parameter 'WMIN' = 0.030 does not match 0.060 of technology file (NEX-007)
Warning: Parasitic Tech Library layer 'M8' parameter 'SMIN' = 0.060 does not match 0.040 of technology file (NEX-007)
Information: The RC mode used is DR for design 'riscv_core'. (NEX-022)
---extraction options---
Corner: slow
 late_cap_scale                : 1.
 late_res_scale                : 1.
 early_cap_scale               : 1.
 early_res_scale               : 1.
Corner: fast
 late_cap_scale                : 1.
 late_res_scale                : 1.
 early_cap_scale               : 1.
 early_res_scale               : 1.
Global options:
 reference_direction       : use_from_tluplus
 real_metalfill_extraction : none
 virtual_shield_extraction : true
---app options---
 host.max_cores                   : 8
 extract.connect_open           : true
 extract.incremental_extraction : true
 extract.enable_coupling_cap    : false
Extracting design: riscv_core 
Warning: Net 'data_addr_o[8]' is not fully connected and will be estimated. (NEX-021)
Information: coupling capacitance is lumped to ground. (NEX-030)
Information: 26572 nets are successfully extracted. (NEX-028)
Information: Design Average RC for design riscv_core  (NEX-011)
Information: r = 2.171090 ohm/um, via_r = 1.064130 ohm/cut, c = 0.129013 ff/um, cc = 0.000000 ff/um (X dir) (NEX-017)
Information: r = 2.459782 ohm/um, via_r = 0.675066 ohm/cut, c = 0.115704 ff/um, cc = 0.000000 ff/um (Y dir) (NEX-017)
Information: Advanced receiver model has not been enabled for detailed routed design. (TIM-204)
Information: Update timing completed net estimation for all the timing graph nets (TIM-111)
Information: Net estimation statistics: timing graph nets = 29826, routed nets = 26572, across physical hierarchy nets = 0, parasitics cached nets = 29826, delay annotated nets = 0, parasitics annotated nets = 0, multi-voltage nets = 0. (TIM-112)


Scenario           'func_fast'
Timing Path Group  'CLK_I'
----------------------------------------
Worst Hold Violation:              0.00
Total Hold Violation:              0.00
No. of Hold Violations:               0
----------------------------------------

Scenario           'func_slow'
Timing Path Group  'CLK_I'
----------------------------------------
Levels of Logic:                     78
Critical Path Length:              4.77
Critical Path Slack:               0.23
Critical Path Clk Period:          5.00
Total Negative Slack:              0.00
No. of Violating Paths:               0
----------------------------------------


Cell Count
----------------------------------------
Hierarchical Cell Count:              5
Hierarchical Port Count:           2142
Leaf Cell Count:                  28511
Buf/Inv Cell Count:                1732
Buf Cell Count:                     309
Inv Cell Count:                    1423
CT Buf/Inv Cell Count:                0
Combinational Cell Count:         26312
Sequential Cell Count:             2199
Macro Count:                          0
----------------------------------------


Area
----------------------------------------
Combinational Area:            11903.91
Noncombinational Area:          2929.20
Buf/Inv Area:                    445.20
Total Buffer Area:               119.30
Total Inverter Area:             325.90
Macro/Black Box Area:              0.00
Net Area:                             0
Net XLength:                       0.00
Net YLength:                       0.00
----------------------------------------
Cell Area (netlist):                          14833.11
Cell Area (netlist and physical only):        55297.09
Net Length:                        0.00


Design Rules
----------------------------------------
Total Number of Nets:             29902
Nets with Violations:                 0
Max Trans Violations:                 0
Max Cap Violations:                   0
----------------------------------------

1
